// Jest Snapshot v1, https://goo.gl/fbAQLP

exports[`Register match snapshot 1`] = `ShallowWrapper {}`;
